// Jest Snapshot v1, https://goo.gl/fbAQLP

exports[`metarpheus metarpheusConfig option should read the correct config file 1`] = `
"API_PRELUDE

export default function getRoutes(_metarpheusRouteConfig: RouteConfig) {
  return {

  }
}"
`;

exports[`metarpheus metarpheusConfig option should read the correct config file 2`] = `
"// DO NOT EDIT MANUALLY - metarpheus-generated
import * as t from 'io-ts'
// @ts-ignore
import { createOptionFromNullable } from 'io-ts-types/lib/fp-ts/createOptionFromNullable'
// @ts-ignore
import { Option } from 'fp-ts/lib/Option'

MODEL_PRELUDE
export const VoidFromUnit = new t.Type<void, {}>(
  'VoidFromUnit',
  (_m): _m is void => true,
  () => t.success(undefined),
  () => ({})
)
export interface Account {
  id: string,
  username: string,
  email: Option<string>,
  publicKey: string
}

export const Account = t.type({
  id: t.string,
  username: t.string,
  email: createOptionFromNullable(t.string),
  publicKey: t.string
}, 'Account')"
`;
